[06:03:42.470] [INFO] [36mInitializing Storybook[39m
[06:03:43.258] [DEBUG] Getting package.json info for D:/Users/WebstormProjects/game/next-hof/package.json...
[06:03:43.259] [DEBUG] Getting CLI versions from NPM for storybook...
[06:03:43.259] [DEBUG] Executing command: pnpm info storybook version
[06:03:44.258] [INFO] Adding Storybook version 10.3.6 to your project
[06:03:44.260] [DEBUG] Project type detected: nextjs
[06:03:44.260] [DEBUG] Using cached package.json for D:\Users\WebstormProjects\game\next-hof\package.json...
[06:03:44.264] [INFO] Framework detected: nextjs-vite
[06:03:44.265] [DEBUG] Getting installed version for vitest...
[06:03:44.268] [DEBUG] Executing command: pnpm list "vitest" --json --depth=99
[06:03:44.803] [DEBUG] No installations found for vitest
[06:03:44.803] [DEBUG] Getting installed version for msw...
[06:03:44.803] [DEBUG] Executing command: pnpm list "msw" --json --depth=99
[06:03:46.066] [DEBUG] No installations found for msw
[06:03:51.684] [PROMPT] New to Storybook? {"choice":true}
[06:03:51.685] [INFO] Storybook collects completely anonymous usage telemetry. We use it to shape Storybook's roadmap and prioritize features. You can learn more, including how to opt out, at https://storybook.js.org/telemetry
[06:03:53.150] [INFO] base-generator-task-start: Generating Storybook configuration
[06:03:53.151] [DEBUG] Using cached package.json for D:\Users\WebstormProjects\game\next-hof\package.json...
[06:03:53.151] [DEBUG] Using cached package.json for D:\Users\WebstormProjects\game\next-hof\package.json...
[06:03:53.151] [DEBUG] Using cached package.json for D:\Users\WebstormProjects\game\next-hof\package.json...
[06:03:53.151] [DEBUG] Using cached version for storybook...
[06:03:53.151] [DEBUG] Getting CLI versions from NPM for @storybook/nextjs-vite...
[06:03:53.151] [DEBUG] Executing command: pnpm info @storybook/nextjs-vite version
[06:03:53.167] [DEBUG] Getting CLI versions from NPM for @chromatic-com/storybook...
[06:03:53.167] [DEBUG] Executing command: pnpm info @chromatic-com/storybook version
[06:03:53.184] [DEBUG] Getting CLI versions from NPM for @storybook/addon-vitest...
[06:03:53.184] [DEBUG] Executing command: pnpm info @storybook/addon-vitest version
[06:03:53.199] [DEBUG] Getting CLI versions from NPM for @storybook/addon-a11y...
[06:03:53.199] [DEBUG] Executing command: pnpm info @storybook/addon-a11y version
[06:03:53.216] [DEBUG] Getting CLI versions from NPM for @storybook/addon-docs...
[06:03:53.216] [DEBUG] Executing command: pnpm info @storybook/addon-docs version
[06:03:53.232] [DEBUG] Getting CLI versions from NPM for @storybook/addon-onboarding...
[06:03:53.232] [DEBUG] Executing command: pnpm info @storybook/addon-onboarding version
[06:03:53.249] [DEBUG] Getting CLI versions from NPM for vite...
[06:03:53.249] [DEBUG] Executing command: pnpm info vite version
[06:03:55.468] [INFO] base-generator-task: - Configuring main.js
[06:03:55.470] [INFO] base-generator-task: - Configuring preview.js
[06:03:55.473] [INFO] base-generator-task: - Adding Storybook command to package.json
[06:03:55.473] [DEBUG] Getting package.json info for D:/Users/WebstormProjects/game/next-hof/package.json...
[06:03:55.473] [DEBUG] Using cached package.json for D:\Users\WebstormProjects\game\next-hof\package.json...
[06:03:55.473] [DEBUG] Using cached package.json for D:\Users\WebstormProjects\game\next-hof\package.json...
[06:03:55.474] [INFO] base-generator-task: - Copying framework templates
[06:03:55.517] [DEBUG] Executing command: npm config get registry -ws=false -iwr
[06:03:56.889] [INFO] base-generator-task-success: Storybook configuration generated
[06:03:56.890] [DEBUG] Using cached package.json for D:\Users\WebstormProjects\game\next-hof\package.json...
[06:03:56.890] [DEBUG] Using cached installed version for vitest...
[06:03:56.890] [DEBUG] Getting installed version for @vitest/coverage-v8...
[06:03:56.890] [DEBUG] Executing command: pnpm list "@vitest/coverage-v8" --json --depth=99
[06:03:57.628] [DEBUG] No installations found for @vitest/coverage-v8
[06:03:57.628] [DEBUG] Getting installed version for @vitest/coverage-istanbul...
[06:03:57.628] [DEBUG] Executing command: pnpm list "@vitest/coverage-istanbul" --json --depth=99
[06:03:58.179] [DEBUG] No installations found for @vitest/coverage-istanbul
[06:03:58.179] [INFO] adding-dependencies-task-start: Adding dependencies to package.json
[06:03:58.180] [INFO] adding-dependencies-task: Adding devDependencies:
- storybook@^10.3.6
- @storybook/nextjs-vite@^10.3.6
- @chromatic-com/storybook@^5.1.2
- @storybook/addon-vitest@^10.3.6
- @storybook/addon-a11y@^10.3.6
- @storybook/addon-docs@^10.3.6
- @storybook/addon-onboarding@^10.3.6
- vite@^8.0.12
- vitest
- playwright
- @vitest/browser-playwright
- @vitest/coverage-v8
[06:03:58.180] [DEBUG] Using cached package.json for D:\Users\WebstormProjects\game\next-hof\package.json...
[06:03:58.180] [DEBUG] Using cached version for storybook...
[06:03:58.180] [DEBUG] Using cached version for @storybook/nextjs-vite...
[06:03:58.180] [DEBUG] Using cached version for @chromatic-com/storybook...
[06:03:58.180] [DEBUG] Using cached version for @storybook/addon-vitest...
[06:03:58.180] [DEBUG] Using cached version for @storybook/addon-a11y...
[06:03:58.180] [DEBUG] Using cached version for @storybook/addon-docs...
[06:03:58.180] [DEBUG] Using cached version for @storybook/addon-onboarding...
[06:03:58.180] [DEBUG] Using cached version for vite...
[06:03:58.180] [DEBUG] Getting CLI versions from NPM for vitest...
[06:03:58.180] [DEBUG] Executing command: pnpm info vitest version
[06:03:58.862] [DEBUG] Getting CLI versions from NPM for playwright...
[06:03:58.862] [DEBUG] Executing command: pnpm info playwright version
[06:03:59.905] [DEBUG] Getting CLI versions from NPM for @vitest/browser-playwright...
[06:03:59.905] [DEBUG] Executing command: pnpm info @vitest/browser-playwright version
[06:04:00.774] [DEBUG] Getting CLI versions from NPM for @vitest/coverage-v8...
[06:04:00.774] [DEBUG] Executing command: pnpm info @vitest/coverage-v8 version
[06:04:01.685] [DEBUG] Using cached package.json for D:\Users\WebstormProjects\game\next-hof\package.json...
[06:04:01.686] [INFO] adding-dependencies-task-success: Dependencies added to package.json
[06:04:01.688] [INFO] Installing dependencies...
[06:04:01.689] [INFO] install-dependencies-spinner-start: Installing dependencies...
[06:04:01.692] [DEBUG] Executing command: pnpm install -w
[06:04:02.904] [INFO] Installing dependencies...: Progress: resolved 1, reused 0, downloaded 0, added 0

[06:04:02.904] [INFO] install-dependencies-spinner: Installing dependencies...: Progress: resolved 1, reu
[06:04:03.920] [INFO] Installing dependencies...: Progress: resolved 72, reused 68, downloaded 0, added 0

[06:04:03.920] [INFO] install-dependencies-spinner: Installing dependencies...: Progress: resolved 72, re
[06:04:04.923] [INFO] Installing dependencies...: Progress: resolved 248, reused 162, downloaded 2, added 0

[06:04:04.923] [INFO] install-dependencies-spinner: Installing dependencies...: Progress: resolved 248, r
[06:04:05.848] [INFO] Installing dependencies...: Packages: +221 -2
+++++++++++++++++++++++++++++++++++++++++++++++++++++++++++++++++++++++++++++++-

[06:04:05.848] [INFO] install-dependencies-spinner: Installing dependencies...: Packages: +221 -2
+++++++
[06:04:05.928] [INFO] Installing dependencies...: Progress: resolved 326, reused 237, downloaded 8, added 10

[06:04:05.928] [INFO] install-dependencies-spinner: Installing dependencies...: Progress: resolved 326, r
[06:04:06.936] [INFO] Installing dependencies...: Progress: resolved 326, reused 237, downloaded 8, added 220

[06:04:06.936] [INFO] install-dependencies-spinner: Installing dependencies...: Progress: resolved 326, r
[06:04:10.847] [INFO] Installing dependencies...: Progress: resolved 326, reused 237, downloaded 8, added 221

[06:04:10.847] [INFO] install-dependencies-spinner: Installing dependencies...: Progress: resolved 326, r
[06:04:10.847] [INFO] Installing dependencies...: Progress: resolved 326, reused 237, downloaded 8, added 221, done

[06:04:10.847] [INFO] install-dependencies-spinner: Installing dependencies...: Progress: resolved 326, r
[06:04:11.080] [INFO] Installing dependencies...: 
devDependencies:
+ @chromatic-com/storybook 5.1.2
+ @storybook/addon-a11y 10.3.6
+ @storybook/addon-docs 10.3.6
+ @storybook/addon-onboarding 10.3.6
+ @storybook/addon-vitest 10.3.6
+ @storybook/nextjs-vite 10.3.6
+ @vitest/browser-playwright 4.1.6
+ @vitest/coverage-v8 4.1.6
+ playwright 1.60.0
+ storybook 10.3.6
+ vite 8.0.12
+ vitest 4.1.6


[06:04:11.080] [INFO] install-dependencies-spinner: Installing dependencies...: devDependencies:
+ @chrom
[06:04:11.108] [INFO] Installing dependencies...: [ERR_PNPM_IGNORED_BUILDS] Ignored build scripts: esbuild@0.27.7, sharp@0.34.5

Run "pnpm approve-builds" to pick which dependencies should be allowed to run scripts.

[06:04:11.108] [INFO] install-dependencies-spinner: Installing dependencies...: [ERR_PNPM_IGNORED_BUILDS]
[06:04:11.183] [ERROR] Installation of dependencies failed! {"error":"ExecaError: Command failed with exit code 1: pnpm.cmd install -w\n\nProgress: resolved 1, reused 0, downloaded 0, added 0\nProgress: resolved 72, reused 68, downloaded 0, added 0\nProgress: resolved 248, reused 162, downloaded 2, added 0\nPackages: +221 -2\n+++++++++++++++++++++++++++++++++++++++++++++++++++++++++++++++++++++++++++++++-\nProgress: resolved 326, reused 237, downloaded 8, added 10\nProgress: resolved 326, reused 237, downloaded 8, added 220\nProgress: resolved 326, reused 237, downloaded 8, added 221\nProgress: resolved 326, reused 237, downloaded 8, added 221, done\n\ndevDependencies:\n+ @chromatic-com/storybook 5.1.2\n+ @storybook/addon-a11y 10.3.6\n+ @storybook/addon-docs 10.3.6\n+ @storybook/addon-onboarding 10.3.6\n+ @storybook/addon-vitest 10.3.6\n+ @storybook/nextjs-vite 10.3.6\n+ @vitest/browser-playwright 4.1.6\n+ @vitest/coverage-v8 4.1.6\n+ playwright 1.60.0\n+ storybook 10.3.6\n+ vite 8.0.12\n+ vitest 4.1.6\n\n[ERR_PNPM_IGNORED_BUILDS] Ignored build scripts: esbuild@0.27.7, sharp@0.34.5\n\nRun \"pnpm approve-builds\" to pick which dependencies should be allowed to run scripts.\n    at getFinalError (file:///C:/Users/User/AppData/Local/pnpm/store/v11/links/@/storybook/10.3.6/30efa0331011c5a816ea39465280c9c51b64c2a179d83f23643a0711acce74bd/node_modules/storybook/dist/_node-chunks/chunk-H4PWFMMO.js:13134:10)\n    at makeError (file:///C:/Users/User/AppData/Local/pnpm/store/v11/links/@/storybook/10.3.6/30efa0331011c5a816ea39465280c9c51b64c2a179d83f23643a0711acce74bd/node_modules/storybook/dist/_node-chunks/chunk-H4PWFMMO.js:14670:15)\n    at getAsyncResult (file:///C:/Users/User/AppData/Local/pnpm/store/v11/links/@/storybook/10.3.6/30efa0331011c5a816ea39465280c9c51b64c2a179d83f23643a0711acce74bd/node_modules/storybook/dist/_node-chunks/chunk-H4PWFMMO.js:17316:158)\n    at handlePromise (file:///C:/Users/User/AppData/Local/pnpm/store/v11/links/@/storybook/10.3.6/30efa0331011c5a816ea39465280c9c51b64c2a179d83f23643a0711acce74bd/node_modules/storybook/dist/_node-chunks/chunk-H4PWFMMO.js:17302:162)\n    at async Object.executeTaskWithSpinner (file:///C:/Users/User/AppData/Local/pnpm/store/v11/links/@/storybook/10.3.6/30efa0331011c5a816ea39465280c9c51b64c2a179d83f23643a0711acce74bd/node_modules/storybook/dist/_node-chunks/chunk-O2B7U3US.js:3683:11)\n    at async PNPMProxy.installDependencies (file:///C:/Users/User/AppData/Local/pnpm/store/v11/links/@/storybook/10.3.6/30efa0331011c5a816ea39465280c9c51b64c2a179d83f23643a0711acce74bd/node_modules/storybook/dist/_node-chunks/chunk-H4PWFMMO.js:11279:5)\n    at async DependencyInstallationCommand.execute (file:///C:/Users/User/AppData/Local/pnpm/store/v11/links/@/create-storybook/10.3.6/9f91cfb04e765eaca8cf8fc8ff55d8456e976595ff629597adf11dcc5176e300/node_modules/create-storybook/dist/_node-chunks/chunk-VQR5SPKR.js:2118:9)\n    at async doInitiate (file:///C:/Users/User/AppData/Local/pnpm/store/v11/links/@/create-storybook/10.3.6/9f91cfb04e765eaca8cf8fc8ff55d8456e976595ff629597adf11dcc5176e300/node_modules/create-storybook/dist/_node-chunks/chunk-VQR5SPKR.js:2894:38)\n    at async file:///C:/Users/User/AppData/Local/pnpm/store/v11/links/@/create-storybook/10.3.6/9f91cfb04e765eaca8cf8fc8ff55d8456e976595ff629597adf11dcc5176e300/node_modules/create-storybook/dist/_node-chunks/chunk-VQR5SPKR.js:2928:20\n    at async withTelemetry (file:///C:/Users/User/AppData/Local/pnpm/store/v11/links/@/storybook/10.3.6/30efa0331011c5a816ea39465280c9c51b64c2a179d83f23643a0711acce74bd/node_modules/storybook/dist/_node-chunks/chunk-UYONHJJP.js:225:12)"}
[06:04:11.183] [ERROR] install-dependencies-spinner-error: [31mInstallation of dependencies failed![39m
[06:04:11.185] [INFO] configure-addons-task-start: Configuring addons...
[06:04:11.185] [INFO] configure-addons-task: Configuring @chromatic-com/storybook...
[06:04:11.187] [INFO] configure-addons-task: @chromatic-com/storybook configured

[06:04:11.188] [INFO] configure-addons-task: Configuring @storybook/addon-vitest...
[06:04:11.189] [DEBUG] Getting package.json info for D:/Users/WebstormProjects/game/next-hof/package.json...
[06:04:11.189] [DEBUG] Using cached package.json for D:\Users\WebstormProjects\game\next-hof\package.json...
[06:04:11.189] [DEBUG] Using cached installed version for vitest...
[06:04:11.189] [DEBUG] Vitest version specifier: 4.1.6
[06:04:11.264] [DEBUG] Using cached installed version for vitest...
[06:04:11.264] [DEBUG] Using cached installed version for msw...
[06:04:11.269] [INFO] Creating a Vitest config file:
[06:04:11.270] [INFO] D:/Users/WebstormProjects/game/next-hof/vitest.config.js
[06:04:11.290] [INFO] Setting up a11y addon for @storybook/addon-vitest
[06:04:11.290] [INFO] Setting up a11y addon for @storybook/addon-vitest
[06:04:11.290] [DEBUG] Executing command: pnpm dlx storybook@10.3.6 automigrate addon-a11y-addon-test --loglevel silent --yes --skip-doctor --package-manager pnpm --skip-install
[06:04:18.757] [INFO] a11y addon setup successfully
[06:04:18.757] [INFO] [32ma11y addon setup successfully[39m
[06:04:18.757] [INFO] [32m@storybook/addon-vitest setup completed successfully[39m
[06:04:18.758] [INFO] @storybook/addon-vitest is now configured and you're ready to run your tests!
Here are a couple of tips to get you started:

• You can run tests with "[36mnpx vitest[39m"
• Vitest IDE extension shows all stories as tests in your editor!

Check the documentation for more information about its features and options at:
https://storybook.js.org/docs/next/writing-tests/integrations/vitest-addon
[06:04:18.758] [INFO] configure-addons-task: @storybook/addon-vitest configured

[06:04:18.758] [INFO] configure-addons-task: Configuring @storybook/addon-a11y...
[06:04:18.758] [DEBUG] Executing command: pnpm dlx storybook@10.3.6 automigrate addon-a11y-addon-test --loglevel silent --skip-doctor --yes --package-manager pnpm --config-dir .storybook
[06:04:27.924] [DEBUG] {
  "shortMessage": "Command failed with exit code 1: pnpm.cmd dlx \"storybook@10.3.6\" automigrate addon-a11y-addon-test --loglevel silent --skip-doctor --yes --package-manager pnpm --config-dir .storybook",
  "command": "pnpm.cmd dlx storybook@10.3.6 automigrate addon-a11y-addon-test --loglevel silent --skip-doctor --yes --package-manager pnpm --config-dir .storybook",
  "escapedCommand": "pnpm.cmd dlx \"storybook@10.3.6\" automigrate addon-a11y-addon-test --loglevel silent --skip-doctor --yes --package-manager pnpm --config-dir .storybook",
  "cwd": "D:\\Users\\WebstormProjects\\game\\next-hof",
  "durationMs": 9165.747,
  "failed": true,
  "timedOut": false,
  "isCanceled": false,
  "isGracefullyCanceled": false,
  "isTerminated": false,
  "isMaxBuffer": false,
  "isForcefullyTerminated": false,
  "exitCode": 1,
  "stdout": "",
  "stderr": "",
  "stdio": [
    null,
    "",
    ""
  ],
  "ipcOutput": [],
  "pipedFrom": []
}
[06:04:27.924] [INFO] configure-addons-task: Configuring @storybook/addon-docs...
[06:04:27.927] [INFO] configure-addons-task: @storybook/addon-docs configured

[06:04:27.927] [INFO] configure-addons-task: Configuring @storybook/addon-onboarding...
[06:04:27.930] [INFO] configure-addons-task: @storybook/addon-onboarding configured

[06:04:27.930] [ERROR] configure-addons-task-error: Failed to configure addons
[06:04:27.931] [INFO] [2m✅ @chromatic-com/storybook[22m
[06:04:27.932] [INFO] [2m✅ @storybook/addon-vitest[22m
[06:04:27.932] [INFO] [2m❌ @storybook/addon-a11y[22m
[06:04:27.932] [INFO] [2m✅ @storybook/addon-docs[22m
[06:04:27.932] [INFO] [2m✅ @storybook/addon-onboarding[22m
[06:04:27.932] [INFO] Playwright browser binaries are necessary for @storybook/addon-vitest. The download can take some time. If you don't want to wait, you can skip the installation and run the following command manually later:
[36mpnpm exec playwright install chromium --with-deps[39m
[06:04:30.185] [PROMPT] Do you want to install Playwright with Chromium now? {"choice":true}
[06:04:30.185] [INFO] Installing Playwright browser binaries (press "c" to abort)
[06:04:30.185] [INFO] playwright-installation-spinner-start: Installing Playwright browser binaries (press "c" to abort)
[06:04:30.185] [DEBUG] Executing command: pnpm exec playwright install chromium --with-deps
[06:04:31.834] [INFO] Installing Playwright browser binaries (press "c" to abort): Lockfile is up to date, resolution step is skipped

[06:04:31.834] [INFO] playwright-installation-spinner: Installing Playwright browser binaries (press "c" to abort): Lockfile is up to date, r
[06:04:31.875] [INFO] Installing Playwright browser binaries (press "c" to abort): Already up to date

[06:04:31.875] [INFO] playwright-installation-spinner: Installing Playwright browser binaries (press "c" to abort): Already up to date
[06:04:32.100] [INFO] Installing Playwright browser binaries (press "c" to abort): 

[06:04:32.100] [INFO] playwright-installation-spinner: Installing Playwright browser binaries (press "c" to abort): 
[06:04:32.130] [INFO] Installing Playwright browser binaries (press "c" to abort): [ERR_PNPM_IGNORED_BUILDS] Ignored build scripts: esbuild@0.27.7, sharp@0.34.5

Run "pnpm approve-builds" to pick which dependencies should be allowed to run scripts.

[06:04:32.130] [INFO] playwright-installation-spinner: Installing Playwright browser binaries (press "c" to abort): [ERR_PNPM_IGNORED_BUILDS]
[06:04:32.172] [INFO] Installing Playwright browser binaries (press "c" to abort): [ERROR] Command failed with exit code 1: "C:\Users\User\AppData\Local\fnm_multishells\65640_1778623331072\node.exe" "C:\Users\User\AppData\Local\node\corepack\v1\pnpm\11.0.9\bin\pnpm.mjs" install

pnpm: Command failed with exit code 1: "C:\Users\User\AppData\Local\fnm_multishells\65640_1778623331072\node.exe" "C:\Users\User\AppData\Local\node\corepack\v1\pnpm\11.0.9\bin\pnpm.mjs" install
    at getFinalError (file:///C:/Users/User/AppData/Local/node/corepack/v1/pnpm/11.0.9/dist/pnpm.mjs:28547:14)
    at makeError (file:///C:/Users/User/AppData/Local/node/corepack/v1/pnpm/11.0.9/dist/pnpm.mjs:30854:21)
    at getSyncResult (file:///C:/Users/User/AppData/Local/node/corepack/v1/pnpm/11.0.9/dist/pnpm.mjs:32698:10)
    at spawnSubprocessSync (file:///C:/Users/User/AppData/Local/node/corepack/v1/pnpm/11.0.9/dist/pnpm.mjs:32658:14)
    at execaCoreSync (file:///C:/Users/User/AppData/Local/node/corepack/v1/pnpm/11.0.9/dist/pnpm.mjs:32588:23)
    at callBoundExeca (file:///C:/Users/User/AppData/Local/node/corepack/v1/pnpm/11.0.9/dist/pnpm.mjs:35116:23)
    at boundExeca (file:///C:/Users/User/AppData/Local/node/corepack/v1/pnpm/11.0.9/dist/pnpm.mjs:35093:49)
    at sync (file:///C:/Users/User/AppData/Local/node/corepack/v1/pnpm/11.0.9/dist/pnpm.mjs:35252:10)
    at runPnpmCli (file:///C:/Users/User/AppData/Local/node/corepack/v1/pnpm/11.0.9/dist/pnpm.mjs:210243:5)
    at runDepsStatusCheck (file:///C:/Users/User/AppData/Local/node/corepack/v1/pnpm/11.0.9/dist/pnpm.mjs:211947:7)

[06:04:32.172] [INFO] playwright-installation-spinner: Installing Playwright browser binaries (press "c" to abort): [ERROR] Command failed wi
[06:04:32.211] [ERROR] An error occurred while installing Playwright browser binaries. Please run the following command later: pnpm exec playwright install chromium --with-deps {"error":"ExecaError: Command failed with exit code 1: pnpm.cmd exec playwright install chromium --with-deps\n\nLockfile is up to date, resolution step is skipped\nAlready up to date\n\n[ERR_PNPM_IGNORED_BUILDS] Ignored build scripts: esbuild@0.27.7, sharp@0.34.5\n\nRun \"pnpm approve-builds\" to pick which dependencies should be allowed to run scripts.\n[ERROR] Command failed with exit code 1: \"C:\\Users\\User\\AppData\\Local\\fnm_multishells\\65640_1778623331072\\node.exe\" \"C:\\Users\\User\\AppData\\Local\\node\\corepack\\v1\\pnpm\\11.0.9\\bin\\pnpm.mjs\" install\n\npnpm: Command failed with exit code 1: \"C:\\Users\\User\\AppData\\Local\\fnm_multishells\\65640_1778623331072\\node.exe\" \"C:\\Users\\User\\AppData\\Local\\node\\corepack\\v1\\pnpm\\11.0.9\\bin\\pnpm.mjs\" install\n    at getFinalError (file:///C:/Users/User/AppData/Local/node/corepack/v1/pnpm/11.0.9/dist/pnpm.mjs:28547:14)\n    at makeError (file:///C:/Users/User/AppData/Local/node/corepack/v1/pnpm/11.0.9/dist/pnpm.mjs:30854:21)\n    at getSyncResult (file:///C:/Users/User/AppData/Local/node/corepack/v1/pnpm/11.0.9/dist/pnpm.mjs:32698:10)\n    at spawnSubprocessSync (file:///C:/Users/User/AppData/Local/node/corepack/v1/pnpm/11.0.9/dist/pnpm.mjs:32658:14)\n    at execaCoreSync (file:///C:/Users/User/AppData/Local/node/corepack/v1/pnpm/11.0.9/dist/pnpm.mjs:32588:23)\n    at callBoundExeca (file:///C:/Users/User/AppData/Local/node/corepack/v1/pnpm/11.0.9/dist/pnpm.mjs:35116:23)\n    at boundExeca (file:///C:/Users/User/AppData/Local/node/corepack/v1/pnpm/11.0.9/dist/pnpm.mjs:35093:49)\n    at sync (file:///C:/Users/User/AppData/Local/node/corepack/v1/pnpm/11.0.9/dist/pnpm.mjs:35252:10)\n    at runPnpmCli (file:///C:/Users/User/AppData/Local/node/corepack/v1/pnpm/11.0.9/dist/pnpm.mjs:210243:5)\n    at runDepsStatusCheck (file:///C:/Users/User/AppData/Local/node/corepack/v1/pnpm/11.0.9/dist/pnpm.mjs:211947:7)\n    at getFinalError (file:///C:/Users/User/AppData/Local/pnpm/store/v11/links/@/storybook/10.3.6/30efa0331011c5a816ea39465280c9c51b64c2a179d83f23643a0711acce74bd/node_modules/storybook/dist/_node-chunks/chunk-H4PWFMMO.js:13134:10)\n    at makeError (file:///C:/Users/User/AppData/Local/pnpm/store/v11/links/@/storybook/10.3.6/30efa0331011c5a816ea39465280c9c51b64c2a179d83f23643a0711acce74bd/node_modules/storybook/dist/_node-chunks/chunk-H4PWFMMO.js:14670:15)\n    at getAsyncResult (file:///C:/Users/User/AppData/Local/pnpm/store/v11/links/@/storybook/10.3.6/30efa0331011c5a816ea39465280c9c51b64c2a179d83f23643a0711acce74bd/node_modules/storybook/dist/_node-chunks/chunk-H4PWFMMO.js:17316:158)\n    at handlePromise (file:///C:/Users/User/AppData/Local/pnpm/store/v11/links/@/storybook/10.3.6/30efa0331011c5a816ea39465280c9c51b64c2a179d83f23643a0711acce74bd/node_modules/storybook/dist/_node-chunks/chunk-H4PWFMMO.js:17302:162)\n    at process.processTicksAndRejections (node:internal/process/task_queues:104:5)\n    at async Object.executeTaskWithSpinner (file:///C:/Users/User/AppData/Local/pnpm/store/v11/links/@/storybook/10.3.6/30efa0331011c5a816ea39465280c9c51b64c2a179d83f23643a0711acce74bd/node_modules/storybook/dist/_node-chunks/chunk-O2B7U3US.js:3683:11)\n    at async AddonVitestService.installPlaywright (file:///C:/Users/User/AppData/Local/pnpm/store/v11/links/@/storybook/10.3.6/30efa0331011c5a816ea39465280c9c51b64c2a179d83f23643a0711acce74bd/node_modules/storybook/dist/_node-chunks/chunk-M6BD6GI2.js:5858:17)\n    at async AddonConfigurationCommand.execute (file:///C:/Users/User/AppData/Local/pnpm/store/v11/links/@/create-storybook/10.3.6/9f91cfb04e765eaca8cf8fc8ff55d8456e976595ff629597adf11dcc5176e300/node_modules/create-storybook/dist/_node-chunks/chunk-VQR5SPKR.js:2015:26)\n    at async doInitiate (file:///C:/Users/User/AppData/Local/pnpm/store/v11/links/@/create-storybook/10.3.6/9f91cfb04e765eaca8cf8fc8ff55d8456e976595ff629597adf11dcc5176e300/node_modules/create-storybook/dist/_node-chunks/chunk-VQR5SPKR.js:2900:38)\n    at async file:///C:/Users/User/AppData/Local/pnpm/store/v11/links/@/create-storybook/10.3.6/9f91cfb04e765eaca8cf8fc8ff55d8456e976595ff629597adf11dcc5176e300/node_modules/create-storybook/dist/_node-chunks/chunk-VQR5SPKR.js:2928:20"}
[06:04:32.211] [ERROR] playwright-installation-spinner-error: [31mAn error occurred while installing Playwright browser binaries. Please run the following command later: pnpm exec playwright install chromium --with-deps[39m
[06:04:33.893] [WARN] Storybook setup completed, but some non-blocking errors occurred. Please check the log file below for details.
[06:04:33.894] [INFO] To run Storybook manually, run [36mpnpm run storybook[39m. CTRL+C to stop.
[06:04:33.894] [INFO] Want to learn more about Storybook? [36mhttps://storybook.js.org/[39m
Having trouble or want to chat? [36mhttps://discord.gg/storybook/[39m